------------------------------------------------------------
TimeQuest Timing Analyzer Summary
------------------------------------------------------------

Type  : Slow 1200mV 85C Model Setup 'pll|altpll_component|auto_generated|pll1|clk[0]'
Slack : -6.928
TNS   : -113.659

Type  : Slow 1200mV 85C Model Setup 'clk'
Slack : 0.821
TNS   : 0.000

Type  : Slow 1200mV 85C Model Hold 'clk'
Slack : -0.267
TNS   : -1.411

Type  : Slow 1200mV 85C Model Hold 'pll|altpll_component|auto_generated|pll1|clk[0]'
Slack : 2.623
TNS   : 0.000

Type  : Slow 1200mV 85C Model Minimum Pulse Width 'pll|altpll_component|auto_generated|pll1|clk[0]'
Slack : 6.031
TNS   : 0.000

Type  : Slow 1200mV 85C Model Minimum Pulse Width 'clk'
Slack : 9.429
TNS   : 0.000

Type  : Slow 1200mV 0C Model Setup 'pll|altpll_component|auto_generated|pll1|clk[0]'
Slack : -6.245
TNS   : -101.814

Type  : Slow 1200mV 0C Model Setup 'clk'
Slack : 0.614
TNS   : 0.000

Type  : Slow 1200mV 0C Model Hold 'clk'
Slack : -0.177
TNS   : -0.411

Type  : Slow 1200mV 0C Model Hold 'pll|altpll_component|auto_generated|pll1|clk[0]'
Slack : 2.385
TNS   : 0.000

Type  : Slow 1200mV 0C Model Minimum Pulse Width 'pll|altpll_component|auto_generated|pll1|clk[0]'
Slack : 6.015
TNS   : 0.000

Type  : Slow 1200mV 0C Model Minimum Pulse Width 'clk'
Slack : 9.411
TNS   : 0.000

Type  : Fast 1200mV 0C Model Setup 'pll|altpll_component|auto_generated|pll1|clk[0]'
Slack : -2.523
TNS   : -41.217

Type  : Fast 1200mV 0C Model Setup 'clk'
Slack : 0.825
TNS   : 0.000

Type  : Fast 1200mV 0C Model Hold 'clk'
Slack : -0.007
TNS   : -0.007

Type  : Fast 1200mV 0C Model Hold 'pll|altpll_component|auto_generated|pll1|clk[0]'
Slack : 1.076
TNS   : 0.000

Type  : Fast 1200mV 0C Model Minimum Pulse Width 'pll|altpll_component|auto_generated|pll1|clk[0]'
Slack : 6.005
TNS   : 0.000

Type  : Fast 1200mV 0C Model Minimum Pulse Width 'clk'
Slack : 9.362
TNS   : 0.000

------------------------------------------------------------
